Archive member included to satisfy reference by file (symbol)

d:/stm32cubeide_1.10.1/stm32cubeide/plugins/com.st.stm32cube.ide.mcu.externaltools.gnu-tools-for-stm32.10.3-2021.10.win32_1.0.0.202111181127/tools/bin/../lib/gcc/arm-none-eabi/10.3.1/../../../../arm-none-eabi/lib/thumb/v7e-m+fp/hard\libc_nano.a(lib_a-errno.o)
                              ./Core/Src/syscalls.o (__errno)
d:/stm32cubeide_1.10.1/stm32cubeide/plugins/com.st.stm32cube.ide.mcu.externaltools.gnu-tools-for-stm32.10.3-2021.10.win32_1.0.0.202111181127/tools/bin/../lib/gcc/arm-none-eabi/10.3.1/../../../../arm-none-eabi/lib/thumb/v7e-m+fp/hard\libc_nano.a(lib_a-exit.o)
                              d:/stm32cubeide_1.10.1/stm32cubeide/plugins/com.st.stm32cube.ide.mcu.externaltools.gnu-tools-for-stm32.10.3-2021.10.win32_1.0.0.202111181127/tools/bin/../lib/gcc/arm-none-eabi/10.3.1/../../../../arm-none-eabi/lib/thumb/v7e-m+fp/hard/crt0.o (exit)
d:/stm32cubeide_1.10.1/stm32cubeide/plugins/com.st.stm32cube.ide.mcu.externaltools.gnu-tools-for-stm32.10.3-2021.10.win32_1.0.0.202111181127/tools/bin/../lib/gcc/arm-none-eabi/10.3.1/../../../../arm-none-eabi/lib/thumb/v7e-m+fp/hard\libc_nano.a(lib_a-impure.o)
                              d:/stm32cubeide_1.10.1/stm32cubeide/plugins/com.st.stm32cube.ide.mcu.externaltools.gnu-tools-for-stm32.10.3-2021.10.win32_1.0.0.202111181127/tools/bin/../lib/gcc/arm-none-eabi/10.3.1/../../../../arm-none-eabi/lib/thumb/v7e-m+fp/hard\libc_nano.a(lib_a-exit.o) (_global_impure_ptr)
d:/stm32cubeide_1.10.1/stm32cubeide/plugins/com.st.stm32cube.ide.mcu.externaltools.gnu-tools-for-stm32.10.3-2021.10.win32_1.0.0.202111181127/tools/bin/../lib/gcc/arm-none-eabi/10.3.1/../../../../arm-none-eabi/lib/thumb/v7e-m+fp/hard\libc_nano.a(lib_a-init.o)
                              d:/stm32cubeide_1.10.1/stm32cubeide/plugins/com.st.stm32cube.ide.mcu.externaltools.gnu-tools-for-stm32.10.3-2021.10.win32_1.0.0.202111181127/tools/bin/../lib/gcc/arm-none-eabi/10.3.1/../../../../arm-none-eabi/lib/thumb/v7e-m+fp/hard/crt0.o (__libc_init_array)
d:/stm32cubeide_1.10.1/stm32cubeide/plugins/com.st.stm32cube.ide.mcu.externaltools.gnu-tools-for-stm32.10.3-2021.10.win32_1.0.0.202111181127/tools/bin/../lib/gcc/arm-none-eabi/10.3.1/../../../../arm-none-eabi/lib/thumb/v7e-m+fp/hard\libc_nano.a(lib_a-memset.o)
                              d:/stm32cubeide_1.10.1/stm32cubeide/plugins/com.st.stm32cube.ide.mcu.externaltools.gnu-tools-for-stm32.10.3-2021.10.win32_1.0.0.202111181127/tools/bin/../lib/gcc/arm-none-eabi/10.3.1/../../../../arm-none-eabi/lib/thumb/v7e-m+fp/hard/crt0.o (memset)
d:/stm32cubeide_1.10.1/stm32cubeide/plugins/com.st.stm32cube.ide.mcu.externaltools.gnu-tools-for-stm32.10.3-2021.10.win32_1.0.0.202111181127/tools/bin/../lib/gcc/arm-none-eabi/10.3.1/../../../../arm-none-eabi/lib/thumb/v7e-m+fp/hard\libc_nano.a(lib_a-strlen.o)
                              ./Core/Src/main.o (strlen)
d:/stm32cubeide_1.10.1/stm32cubeide/plugins/com.st.stm32cube.ide.mcu.externaltools.gnu-tools-for-stm32.10.3-2021.10.win32_1.0.0.202111181127/tools/bin/../lib/gcc/arm-none-eabi/10.3.1/thumb/v7e-m+fp/hard\libgcc.a(_aeabi_uldivmod.o)
                              ./Drivers/STM32F4xx_HAL_Driver/Src/stm32f4xx_hal_rcc.o (__aeabi_uldivmod)
d:/stm32cubeide_1.10.1/stm32cubeide/plugins/com.st.stm32cube.ide.mcu.externaltools.gnu-tools-for-stm32.10.3-2021.10.win32_1.0.0.202111181127/tools/bin/../lib/gcc/arm-none-eabi/10.3.1/thumb/v7e-m+fp/hard\libgcc.a(_udivmoddi4.o)
                              d:/stm32cubeide_1.10.1/stm32cubeide/plugins/com.st.stm32cube.ide.mcu.externaltools.gnu-tools-for-stm32.10.3-2021.10.win32_1.0.0.202111181127/tools/bin/../lib/gcc/arm-none-eabi/10.3.1/thumb/v7e-m+fp/hard\libgcc.a(_aeabi_uldivmod.o) (__udivmoddi4)
d:/stm32cubeide_1.10.1/stm32cubeide/plugins/com.st.stm32cube.ide.mcu.externaltools.gnu-tools-for-stm32.10.3-2021.10.win32_1.0.0.202111181127/tools/bin/../lib/gcc/arm-none-eabi/10.3.1/thumb/v7e-m+fp/hard\libgcc.a(_dvmd_tls.o)
                              d:/stm32cubeide_1.10.1/stm32cubeide/plugins/com.st.stm32cube.ide.mcu.externaltools.gnu-tools-for-stm32.10.3-2021.10.win32_1.0.0.202111181127/tools/bin/../lib/gcc/arm-none-eabi/10.3.1/thumb/v7e-m+fp/hard\libgcc.a(_aeabi_uldivmod.o) (__aeabi_ldiv0)

Discarded input sections

 .text          0x0000000000000000        0x0 d:/stm32cubeide_1.10.1/stm32cubeide/plugins/com.st.stm32cube.ide.mcu.externaltools.gnu-tools-for-stm32.10.3-2021.10.win32_1.0.0.202111181127/tools/bin/../lib/gcc/arm-none-eabi/10.3.1/thumb/v7e-m+fp/hard/crti.o
 .data          0x0000000000000000        0x0 d:/stm32cubeide_1.10.1/stm32cubeide/plugins/com.st.stm32cube.ide.mcu.externaltools.gnu-tools-for-stm32.10.3-2021.10.win32_1.0.0.202111181127/tools/bin/../lib/gcc/arm-none-eabi/10.3.1/thumb/v7e-m+fp/hard/crti.o
[...]
Memory Configuration

Name             Origin             Length             Attributes
CCMRAM           0x0000000010000000 0x0000000000010000 xrw
RAM              0x0000000020000000 0x0000000000020000 xrw
FLASH            0x0000000008000000 0x0000000000100000 xr
*default*        0x0000000000000000 0xffffffffffffffff

Linker script and memory map

LOAD d:/stm32cubeide_1.10.1/stm32cubeide/plugins/com.st.stm32cube.ide.mcu.externaltools.gnu-tools-for-stm32.10.3-2021.10.win32_1.0.0.202111181127/tools/bin/../lib/gcc/arm-none-eabi/10.3.1/thumb/v7e-m+fp/hard/crti.o
LOAD d:/stm32cubeide_1.10.1/stm32cubeide/plugins/com.st.stm32cube.ide.mcu.externaltools.gnu-tools-for-stm32.10.3-2021.10.win32_1.0.0.202111181127/tools/bin/../lib/gcc/arm-none-eabi/10.3.1/thumb/v7e-m+fp/hard/crtbegin.o
LOAD d:/stm32cubeide_1.10.1/stm32cubeide/plugins/com.st.stm32cube.ide.mcu.externaltools.gnu-tools-for-stm32.10.3-2021.10.win32_1.0.0.202111181127/tools/bin/../lib/gcc/arm-none-eabi/10.3.1/../../../../arm-none-eabi/lib/thumb/v7e-m+fp/hard/crt0.o
LOAD ./Core/Src/data.o
LOAD ./Core/Src/it.o
LOAD ./Core/Src/main.o
LOAD ./Core/Src/msp.o
LOAD ./Core/Src/syscalls.o
LOAD ./Core/Src/sysmem.o
LOAD ./Core/Src/system_stm32f4xx.o
LOAD ./Core/Startup/startup_stm32f407vgtx.o
LOAD ./Drivers/STM32F4xx_HAL_Driver/Src/stm32f4xx_hal.o
LOAD ./Drivers/STM32F4xx_HAL_Driver/Src/stm32f4xx_hal_cortex.o
LOAD ./Drivers/STM32F4xx_HAL_Driver/Src/stm32f4xx_hal_dma.o
LOAD ./Drivers/STM32F4xx_HAL_Driver/Src/stm32f4xx_hal_dma_ex.o
LOAD ./Drivers/STM32F4xx_HAL_Driver/Src/stm32f4xx_hal_exti.o
LOAD ./Drivers/STM32F4xx_HAL_Driver/Src/stm32f4xx_hal_flash.o
LOAD ./Drivers/STM32F4xx_HAL_Driver/Src/stm32f4xx_hal_flash_ex.o
LOAD ./Drivers/STM32F4xx_HAL_Driver/Src/stm32f4xx_hal_flash_ramfunc.o
LOAD ./Drivers/STM32F4xx_HAL_Driver/Src/stm32f4xx_hal_gpio.o
LOAD ./Drivers/STM32F4xx_HAL_Driver/Src/stm32f4xx_hal_pwr.o
LOAD ./Drivers/STM32F4xx_HAL_Driver/Src/stm32f4xx_hal_pwr_ex.o
LOAD ./Drivers/STM32F4xx_HAL_Driver/Src/stm32f4xx_hal_rcc.o
LOAD ./Drivers/STM32F4xx_HAL_Driver/Src/stm32f4xx_hal_rcc_ex.o
LOAD ./Drivers/STM32F4xx_HAL_Driver/Src/stm32f4xx_hal_tim.o
LOAD ./Drivers/STM32F4xx_HAL_Driver/Src/stm32f4xx_hal_tim_ex.o
LOAD ./Drivers/STM32F4xx_HAL_Driver/Src/stm32f4xx_hal_uart.o
START GROUP
LOAD d:/stm32cubeide_1.10.1/stm32cubeide/plugins/com.st.stm32cube.ide.mcu.externaltools.gnu-tools-for-stm32.10.3-2021.10.win32_1.0.0.202111181127/tools/bin/../lib/gcc/arm-none-eabi/10.3.1/../../../../arm-none-eabi/lib/thumb/v7e-m+fp/hard\libc_nano.a
LOAD d:/stm32cubeide_1.10.1/stm32cubeide/plugins/com.st.stm32cube.ide.mcu.externaltools.gnu-tools-for-stm32.10.3-2021.10.win32_1.0.0.202111181127/tools/bin/../lib/gcc/arm-none-eabi/10.3.1/../../../../arm-none-eabi/lib/thumb/v7e-m+fp/hard\libm.a
END GROUP
START GROUP
LOAD d:/stm32cubeide_1.10.1/stm32cubeide/plugins/com.st.stm32cube.ide.mcu.externaltools.gnu-tools-for-stm32.10.3-2021.10.win32_1.0.0.202111181127/tools/bin/../lib/gcc/arm-none-eabi/10.3.1/thumb/v7e-m+fp/hard\libgcc.a
LOAD d:/stm32cubeide_1.10.1/stm32cubeide/plugins/com.st.stm32cube.ide.mcu.externaltools.gnu-tools-for-stm32.10.3-2021.10.win32_1.0.0.202111181127/tools/bin/../lib/gcc/arm-none-eabi/10.3.1/../../../../arm-none-eabi/lib/thumb/v7e-m+fp/hard\libc_nano.a
END GROUP
START GROUP
LOAD d:/stm32cubeide_1.10.1/stm32cubeide/plugins/com.st.stm32cube.ide.mcu.externaltools.gnu-tools-for-stm32.10.3-2021.10.win32_1.0.0.202111181127/tools/bin/../lib/gcc/arm-none-eabi/10.3.1/thumb/v7e-m+fp/hard\libgcc.a
LOAD d:/stm32cubeide_1.10.1/stm32cubeide/plugins/com.st.stm32cube.ide.mcu.externaltools.gnu-tools-for-stm32.10.3-2021.10.win32_1.0.0.202111181127/tools/bin/../lib/gcc/arm-none-eabi/10.3.1/../../../../arm-none-eabi/lib/thumb/v7e-m+fp/hard\libc_nano.a
LOAD d:/stm32cubeide_1.10.1/stm32cubeide/plugins/com.st.stm32cube.ide.mcu.externaltools.gnu-tools-for-stm32.10.3-2021.10.win32_1.0.0.202111181127/tools/bin/../lib/gcc/arm-none-eabi/10.3.1/../../../../arm-none-eabi/lib/thumb/v7e-m+fp/hard\libnosys.a
END GROUP
START GROUP
LOAD d:/stm32cubeide_1.10.1/stm32cubeide/plugins/com.st.stm32cube.ide.mcu.externaltools.gnu-tools-for-stm32.10.3-2021.10.win32_1.0.0.202111181127/tools/bin/../lib/gcc/arm-none-eabi/10.3.1/thumb/v7e-m+fp/hard\libgcc.a
LOAD d:/stm32cubeide_1.10.1/stm32cubeide/plugins/com.st.stm32cube.ide.mcu.externaltools.gnu-tools-for-stm32.10.3-2021.10.win32_1.0.0.202111181127/tools/bin/../lib/gcc/arm-none-eabi/10.3.1/../../../../arm-none-eabi/lib/thumb/v7e-m+fp/hard\libc_nano.a
LOAD d:/stm32cubeide_1.10.1/stm32cubeide/plugins/com.st.stm32cube.ide.mcu.externaltools.gnu-tools-for-stm32.10.3-2021.10.win32_1.0.0.202111181127/tools/bin/../lib/gcc/arm-none-eabi/10.3.1/../../../../arm-none-eabi/lib/thumb/v7e-m+fp/hard\libnosys.a
END GROUP
LOAD d:/stm32cubeide_1.10.1/stm32cubeide/plugins/com.st.stm32cube.ide.mcu.externaltools.gnu-tools-for-stm32.10.3-2021.10.win32_1.0.0.202111181127/tools/bin/../lib/gcc/arm-none-eabi/10.3.1/thumb/v7e-m+fp/hard/crtend.o
LOAD d:/stm32cubeide_1.10.1/stm32cubeide/plugins/com.st.stm32cube.ide.mcu.externaltools.gnu-tools-for-stm32.10.3-2021.10.win32_1.0.0.202111181127/tools/bin/../lib/gcc/arm-none-eabi/10.3.1/thumb/v7e-m+fp/hard/crtn.o
                0x0000000020020000                _estack = (ORIGIN (RAM) + LENGTH (RAM))
                0x0000000000000200                _Min_Heap_Size = 0x200
                0x0000000000000400                _Min_Stack_Size = 0x400

.isr_vector     0x0000000008000000      0x188
                0x0000000008000000                . = ALIGN (0x4)
 *(.isr_vector)
 .isr_vector    0x0000000008000000      0x188 ./Core/Startup/startup_stm32f407vgtx.o
                0x0000000008000000                g_pfnVectors
                0x0000000008000188                . = ALIGN (0x4)

.text           0x0000000008000188     0x1f74
                0x0000000008000188                . = ALIGN (0x4)
 *(.text)
 .text          0x0000000008000188       0x40 d:/stm32cubeide_1.10.1/stm32cubeide/plugins/com.st.stm32cube.ide.mcu.externaltools.gnu-tools-for-stm32.10.3-2021.10.win32_1.0.0.202111181127/tools/bin/../lib/gcc/arm-none-eabi/10.3.1/thumb/v7e-m+fp/hard/crtbegin.o
 .text          0x00000000080001c8       0x10 d:/stm32cubeide_1.10.1/stm32cubeide/plugins/com.st.stm32cube.ide.mcu.externaltools.gnu-tools-for-stm32.10.3-2021.10.win32_1.0.0.202111181127/tools/bin/../lib/gcc/arm-none-eabi/10.3.1/../../../../arm-none-eabi/lib/thumb/v7e-m+fp/hard\libc_nano.a(lib_a-strlen.o)
                0x00000000080001c8                strlen
 .text          0x00000000080001d8       0x30 d:/stm32cubeide_1.10.1/stm32cubeide/plugins/com.st.stm32cube.ide.mcu.externaltools.gnu-tools-for-stm32.10.3-2021.10.win32_1.0.0.202111181127/tools/bin/../lib/gcc/arm-none-eabi/10.3.1/thumb/v7e-m+fp/hard\libgcc.a(_aeabi_uldivmod.o)
                0x00000000080001d8                __aeabi_uldivmod
 .text          0x0000000008000208      0x2d0 d:/stm32cubeide_1.10.1/stm32cubeide/plugins/com.st.stm32cube.ide.mcu.externaltools.gnu-tools-for-stm32.10.3-2021.10.win32_1.0.0.202111181127/tools/bin/../lib/gcc/arm-none-eabi/10.3.1/thumb/v7e-m+fp/hard\libgcc.a(_udivmoddi4.o)
                0x0000000008000208                __udivmoddi4
 .text          0x00000000080004d8        0x4 d:/stm32cubeide_1.10.1/stm32cubeide/plugins/com.st.stm32cube.ide.mcu.externaltools.gnu-tools-for-stm32.10.3-2021.10.win32_1.0.0.202111181127/tools/bin/../lib/gcc/arm-none-eabi/10.3.1/thumb/v7e-m+fp/hard\libgcc.a(_dvmd_tls.o)
                0x00000000080004d8                __aeabi_idiv0
                0x00000000080004d8                __aeabi_ldiv0
 *(.text*)
 .text.SysTick_Handler
                0x00000000080004dc       0x10 ./Core/Src/it.o
                0x00000000080004dc                SysTick_Handler
 .text.EXTI0_IRQHandler
                0x00000000080004ec        0xe ./Core/Src/it.o
                0x00000000080004ec                EXTI0_IRQHandler
 *fill*         0x00000000080004fa        0x2 
 .text.USART2_IRQHandler
                0x00000000080004fc       0x14 ./Core/Src/it.o
                0x00000000080004fc                USART2_IRQHandler
 .text.main     0x0000000008000510       0x28 ./Core/Src/main.o
                0x0000000008000510                main
 .text.GPIO_AnalogConfig
                0x0000000008000538       0x48 ./Core/Src/main.o
                0x0000000008000538                GPIO_AnalogConfig
 .text.GPIO_Init
                0x0000000008000580       0xc4 ./Core/Src/main.o
                0x0000000008000580                GPIO_Init
 .text.UART2_Init
                0x0000000008000644       0x4c ./Core/Src/main.o
                0x0000000008000644                UART2_Init
 .text.HAL_GPIO_EXTI_Callback
                0x0000000008000690       0x3c ./Core/Src/main.o
                0x0000000008000690                HAL_GPIO_EXTI_Callback
 .text.HAL_UART_TxCpltCallback
                0x00000000080006cc       0x14 ./Core/Src/main.o
                0x00000000080006cc                HAL_UART_TxCpltCallback
 .text.Error_handler
                0x00000000080006e0        0x6 ./Core/Src/main.o
                0x00000000080006e0                Error_handler
 *fill*         0x00000000080006e6        0x2 
 .text.HAL_MspInit
                0x00000000080006e8       0x44 ./Core/Src/msp.o
                0x00000000080006e8                HAL_MspInit
 .text.HAL_UART_MspInit
                0x000000000800072c       0x9c ./Core/Src/msp.o
                0x000000000800072c                HAL_UART_MspInit
 .text.SystemInit
                0x00000000080007c8       0x24 ./Core/Src/system_stm32f4xx.o
                0x00000000080007c8                SystemInit
 .text.Reset_Handler
                0x00000000080007ec       0x50 ./Core/Startup/startup_stm32f407vgtx.o
                0x00000000080007ec                Reset_Handler
 .text.Default_Handler
                0x000000000800083c        0x2 ./Core/Startup/startup_stm32f407vgtx.o
                0x000000000800083c                RTC_Alarm_IRQHandler
                0x000000000800083c                HASH_RNG_IRQHandler
                0x000000000800083c                EXTI2_IRQHandler
                0x000000000800083c                TIM8_CC_IRQHandler
                0x000000000800083c                DebugMon_Handler
                0x000000000800083c                TIM1_CC_IRQHandler
                0x000000000800083c                DMA2_Stream5_IRQHandler
                0x000000000800083c                HardFault_Handler
                0x000000000800083c                DMA1_Stream5_IRQHandler
                0x000000000800083c                PVD_IRQHandler
                0x000000000800083c                SDIO_IRQHandler
                0x000000000800083c                TAMP_STAMP_IRQHandler
                0x000000000800083c                PendSV_Handler
                0x000000000800083c                NMI_Handler
                0x000000000800083c                CAN2_RX1_IRQHandler
                0x000000000800083c                EXTI3_IRQHandler
                0x000000000800083c                TIM8_TRG_COM_TIM14_IRQHandler
                0x000000000800083c                TIM1_UP_TIM10_IRQHandler
                0x000000000800083c                TIM8_UP_TIM13_IRQHandler
                0x000000000800083c                I2C3_ER_IRQHandler
                0x000000000800083c                I2C2_EV_IRQHandler
                0x000000000800083c                DMA1_Stream2_IRQHandler
                0x000000000800083c                CAN1_RX0_IRQHandler
                0x000000000800083c                FPU_IRQHandler
                0x000000000800083c                OTG_HS_WKUP_IRQHandler
                0x000000000800083c                UsageFault_Handler
                0x000000000800083c                CAN2_SCE_IRQHandler
                0x000000000800083c                DMA2_Stream2_IRQHandler
                0x000000000800083c                SPI1_IRQHandler
                0x000000000800083c                TIM6_DAC_IRQHandler
                0x000000000800083c                TIM1_BRK_TIM9_IRQHandler
                0x000000000800083c                DCMI_IRQHandler
                0x000000000800083c                CAN2_RX0_IRQHandler
                0x000000000800083c                DMA2_Stream3_IRQHandler
                0x000000000800083c                USART6_IRQHandler
                0x000000000800083c                USART3_IRQHandler
                0x000000000800083c                CAN1_RX1_IRQHandler
                0x000000000800083c                UART5_IRQHandler
                0x000000000800083c                DMA2_Stream0_IRQHandler
                0x000000000800083c                TIM4_IRQHandler
                0x000000000800083c                I2C1_EV_IRQHandler
                0x000000000800083c                DMA1_Stream6_IRQHandler
                0x000000000800083c                DMA1_Stream1_IRQHandler
                0x000000000800083c                UART4_IRQHandler
                0x000000000800083c                TIM3_IRQHandler
                0x000000000800083c                RCC_IRQHandler
                0x000000000800083c                TIM8_BRK_TIM12_IRQHandler
                0x000000000800083c                Default_Handler
                0x000000000800083c                EXTI15_10_IRQHandler
                0x000000000800083c                ADC_IRQHandler
                0x000000000800083c                DMA1_Stream7_IRQHandler
                0x000000000800083c                TIM7_IRQHandler
                0x000000000800083c                CAN2_TX_IRQHandler
                0x000000000800083c                TIM5_IRQHandler
                0x000000000800083c                DMA2_Stream7_IRQHandler
                0x000000000800083c                I2C3_EV_IRQHandler
                0x000000000800083c                EXTI9_5_IRQHandler
                0x000000000800083c                RTC_WKUP_IRQHandler
                0x000000000800083c                ETH_WKUP_IRQHandler
                0x000000000800083c                SPI2_IRQHandler
                0x000000000800083c                OTG_HS_EP1_IN_IRQHandler
                0x000000000800083c                MemManage_Handler
                0x000000000800083c                DMA1_Stream0_IRQHandler
                0x000000000800083c                CAN1_TX_IRQHandler
                0x000000000800083c                SVC_Handler
                0x000000000800083c                EXTI4_IRQHandler
                0x000000000800083c                FSMC_IRQHandler
                0x000000000800083c                ETH_IRQHandler
                0x000000000800083c                OTG_HS_EP1_OUT_IRQHandler
                0x000000000800083c                WWDG_IRQHandler
                0x000000000800083c                TIM2_IRQHandler
                0x000000000800083c                OTG_FS_WKUP_IRQHandler
                0x000000000800083c                TIM1_TRG_COM_TIM11_IRQHandler
                0x000000000800083c                OTG_HS_IRQHandler
                0x000000000800083c                EXTI1_IRQHandler
                0x000000000800083c                I2C2_ER_IRQHandler
                0x000000000800083c                DMA2_Stream1_IRQHandler
                0x000000000800083c                CAN1_SCE_IRQHandler
                0x000000000800083c                FLASH_IRQHandler
                0x000000000800083c                DMA2_Stream4_IRQHandler
                0x000000000800083c                BusFault_Handler
                0x000000000800083c                USART1_IRQHandler
                0x000000000800083c                OTG_FS_IRQHandler
                0x000000000800083c                SPI3_IRQHandler
                0x000000000800083c                DMA1_Stream4_IRQHandler
                0x000000000800083c                I2C1_ER_IRQHandler
                0x000000000800083c                DMA2_Stream6_IRQHandler
                0x000000000800083c                DMA1_Stream3_IRQHandler
 *fill*         0x000000000800083e        0x2 
 .text.HAL_Init
                0x0000000008000840       0x44 ./Drivers/STM32F4xx_HAL_Driver/Src/stm32f4xx_hal.o
                0x0000000008000840                HAL_Init
 .text.HAL_InitTick
                0x0000000008000884       0x60 ./Drivers/STM32F4xx_HAL_Driver/Src/stm32f4xx_hal.o
                0x0000000008000884                HAL_InitTick
 .text.HAL_IncTick
                0x00000000080008e4       0x28 ./Drivers/STM32F4xx_HAL_Driver/Src/stm32f4xx_hal.o
                0x00000000080008e4                HAL_IncTick
 .text.HAL_GetTick
                0x000000000800090c       0x18 ./Drivers/STM32F4xx_HAL_Driver/Src/stm32f4xx_hal.o
                0x000000000800090c                HAL_GetTick
 .text.__NVIC_SetPriorityGrouping
                0x0000000008000924       0x48 ./Drivers/STM32F4xx_HAL_Driver/Src/stm32f4xx_hal_cortex.o
 .text.__NVIC_GetPriorityGrouping
                0x000000000800096c       0x1c ./Drivers/STM32F4xx_HAL_Driver/Src/stm32f4xx_hal_cortex.o
 .text.__NVIC_EnableIRQ
                0x0000000008000988       0x3c ./Drivers/STM32F4xx_HAL_Driver/Src/stm32f4xx_hal_cortex.o
 .text.__NVIC_SetPriority
                0x00000000080009c4       0x54 ./Drivers/STM32F4xx_HAL_Driver/Src/stm32f4xx_hal_cortex.o
 .text.NVIC_EncodePriority
                0x0000000008000a18       0x66 ./Drivers/STM32F4xx_HAL_Driver/Src/stm32f4xx_hal_cortex.o
 *fill*         0x0000000008000a7e        0x2 
 .text.SysTick_Config
                0x0000000008000a80       0x44 ./Drivers/STM32F4xx_HAL_Driver/Src/stm32f4xx_hal_cortex.o
 .text.HAL_NVIC_SetPriorityGrouping
                0x0000000008000ac4       0x16 ./Drivers/STM32F4xx_HAL_Driver/Src/stm32f4xx_hal_cortex.o
                0x0000000008000ac4                HAL_NVIC_SetPriorityGrouping
 .text.HAL_NVIC_SetPriority
                0x0000000008000ada       0x38 ./Drivers/STM32F4xx_HAL_Driver/Src/stm32f4xx_hal_cortex.o
                0x0000000008000ada                HAL_NVIC_SetPriority
 .text.HAL_NVIC_EnableIRQ
                0x0000000008000b12       0x1c ./Drivers/STM32F4xx_HAL_Driver/Src/stm32f4xx_hal_cortex.o
                0x0000000008000b12                HAL_NVIC_EnableIRQ
 .text.HAL_SYSTICK_Config
                0x0000000008000b2e       0x18 ./Drivers/STM32F4xx_HAL_Driver/Src/stm32f4xx_hal_cortex.o
                0x0000000008000b2e                HAL_SYSTICK_Config
 .text.HAL_SYSTICK_IRQHandler
                0x0000000008000b46        0xc ./Drivers/STM32F4xx_HAL_Driver/Src/stm32f4xx_hal_cortex.o
                0x0000000008000b46                HAL_SYSTICK_IRQHandler
 .text.HAL_SYSTICK_Callback
                0x0000000008000b52        0xe ./Drivers/STM32F4xx_HAL_Driver/Src/stm32f4xx_hal_cortex.o
                0x0000000008000b52                HAL_SYSTICK_Callback
 .text.HAL_DMA_Abort
                0x0000000008000b60       0xe0 ./Drivers/STM32F4xx_HAL_Driver/Src/stm32f4xx_hal_dma.o
                0x0000000008000b60                HAL_DMA_Abort
 .text.HAL_DMA_Abort_IT
                0x0000000008000c40       0x44 ./Drivers/STM32F4xx_HAL_Driver/Src/stm32f4xx_hal_dma.o
                0x0000000008000c40                HAL_DMA_Abort_IT
 .text.HAL_GPIO_Init
                0x0000000008000c84      0x338 ./Drivers/STM32F4xx_HAL_Driver/Src/stm32f4xx_hal_gpio.o
                0x0000000008000c84                HAL_GPIO_Init
 .text.HAL_GPIO_WritePin
                0x0000000008000fbc       0x32 ./Drivers/STM32F4xx_HAL_Driver/Src/stm32f4xx_hal_gpio.o
                0x0000000008000fbc                HAL_GPIO_WritePin
 *fill*         0x0000000008000fee        0x2 
 .text.HAL_GPIO_EXTI_IRQHandler
                0x0000000008000ff0       0x30 ./Drivers/STM32F4xx_HAL_Driver/Src/stm32f4xx_hal_gpio.o
                0x0000000008000ff0                HAL_GPIO_EXTI_IRQHandler
 .text.HAL_RCC_GetHCLKFreq
                0x0000000008001020       0x18 ./Drivers/STM32F4xx_HAL_Driver/Src/stm32f4xx_hal_rcc.o
                0x0000000008001020                HAL_RCC_GetHCLKFreq
 .text.HAL_RCC_GetPCLK1Freq
                0x0000000008001038       0x28 ./Drivers/STM32F4xx_HAL_Driver/Src/stm32f4xx_hal_rcc.o
                0x0000000008001038                HAL_RCC_GetPCLK1Freq
 .text.HAL_RCC_GetPCLK2Freq
                0x0000000008001060       0x28 ./Drivers/STM32F4xx_HAL_Driver/Src/stm32f4xx_hal_rcc.o
                0x0000000008001060                HAL_RCC_GetPCLK2Freq
 .text.HAL_UART_Init
                0x0000000008001088       0x9a ./Drivers/STM32F4xx_HAL_Driver/Src/stm32f4xx_hal_uart.o
                0x0000000008001088                HAL_UART_Init
 .text.HAL_UART_Transmit
                0x0000000008001122      0x124 ./Drivers/STM32F4xx_HAL_Driver/Src/stm32f4xx_hal_uart.o
                0x0000000008001122                HAL_UART_Transmit
 *fill*         0x0000000008001246        0x2 
 .text.HAL_UART_IRQHandler
                0x0000000008001248      0x51c ./Drivers/STM32F4xx_HAL_Driver/Src/stm32f4xx_hal_uart.o
                0x0000000008001248                HAL_UART_IRQHandler
 .text.HAL_UART_RxCpltCallback
                0x0000000008001764       0x14 ./Drivers/STM32F4xx_HAL_Driver/Src/stm32f4xx_hal_uart.o
                0x0000000008001764                HAL_UART_RxCpltCallback
 .text.HAL_UART_ErrorCallback
                0x0000000008001778       0x14 ./Drivers/STM32F4xx_HAL_Driver/Src/stm32f4xx_hal_uart.o
                0x0000000008001778                HAL_UART_ErrorCallback
 .text.HAL_UARTEx_RxEventCallback
                0x000000000800178c       0x18 ./Drivers/STM32F4xx_HAL_Driver/Src/stm32f4xx_hal_uart.o
                0x000000000800178c                HAL_UARTEx_RxEventCallback
 .text.UART_WaitOnFlagUntilTimeout
                0x00000000080017a4       0xdc ./Drivers/STM32F4xx_HAL_Driver/Src/stm32f4xx_hal_uart.o
 .text.UART_EndRxTransfer
                0x0000000008001880       0xc6 ./Drivers/STM32F4xx_HAL_Driver/Src/stm32f4xx_hal_uart.o
 .text.UART_DMAAbortOnError
                0x0000000008001946       0x28 ./Drivers/STM32F4xx_HAL_Driver/Src/stm32f4xx_hal_uart.o
 .text.UART_Transmit_IT
                0x000000000800196e       0xa0 ./Drivers/STM32F4xx_HAL_Driver/Src/stm32f4xx_hal_uart.o
 .text.UART_EndTransmit_IT
                0x0000000008001a0e       0x30 ./Drivers/STM32F4xx_HAL_Driver/Src/stm32f4xx_hal_uart.o
 .text.UART_Receive_IT
                0x0000000008001a3e      0x176 ./Drivers/STM32F4xx_HAL_Driver/Src/stm32f4xx_hal_uart.o
 .text.UART_SetConfig
                0x0000000008001bb4      0x4e8 ./Drivers/STM32F4xx_HAL_Driver/Src/stm32f4xx_hal_uart.o
 .text.__libc_init_array
                0x000000000800209c       0x48 d:/stm32cubeide_1.10.1/stm32cubeide/plugins/com.st.stm32cube.ide.mcu.externaltools.gnu-tools-for-stm32.10.3-2021.10.win32_1.0.0.202111181127/tools/bin/../lib/gcc/arm-none-eabi/10.3.1/../../../../arm-none-eabi/lib/thumb/v7e-m+fp/hard\libc_nano.a(lib_a-init.o)
                0x000000000800209c                __libc_init_array
 *(.glue_7)
 .glue_7        0x00000000080020e4        0x0 linker stubs
 *(.glue_7t)
 .glue_7t       0x00000000080020e4        0x0 linker stubs
 *(.eh_frame)
 .eh_frame      0x00000000080020e4        0x0 d:/stm32cubeide_1.10.1/stm32cubeide/plugins/com.st.stm32cube.ide.mcu.externaltools.gnu-tools-for-stm32.10.3-2021.10.win32_1.0.0.202111181127/tools/bin/../lib/gcc/arm-none-eabi/10.3.1/thumb/v7e-m+fp/hard/crtbegin.o
 *(.init)
 .init          0x00000000080020e4        0x4 d:/stm32cubeide_1.10.1/stm32cubeide/plugins/com.st.stm32cube.ide.mcu.externaltools.gnu-tools-for-stm32.10.3-2021.10.win32_1.0.0.202111181127/tools/bin/../lib/gcc/arm-none-eabi/10.3.1/thumb/v7e-m+fp/hard/crti.o
                0x00000000080020e4                _init
 .init          0x00000000080020e8        0x8 d:/stm32cubeide_1.10.1/stm32cubeide/plugins/com.st.stm32cube.ide.mcu.externaltools.gnu-tools-for-stm32.10.3-2021.10.win32_1.0.0.202111181127/tools/bin/../lib/gcc/arm-none-eabi/10.3.1/thumb/v7e-m+fp/hard/crtn.o
 *(.fini)
 .fini          0x00000000080020f0        0x4 d:/stm32cubeide_1.10.1/stm32cubeide/plugins/com.st.stm32cube.ide.mcu.externaltools.gnu-tools-for-stm32.10.3-2021.10.win32_1.0.0.202111181127/tools/bin/../lib/gcc/arm-none-eabi/10.3.1/thumb/v7e-m+fp/hard/crti.o
                0x00000000080020f0                _fini
 .fini          0x00000000080020f4        0x8 d:/stm32cubeide_1.10.1/stm32cubeide/plugins/com.st.stm32cube.ide.mcu.externaltools.gnu-tools-for-stm32.10.3-2021.10.win32_1.0.0.202111181127/tools/bin/../lib/gcc/arm-none-eabi/10.3.1/thumb/v7e-m+fp/hard/crtn.o
                0x00000000080020fc                . = ALIGN (0x4)
                0x00000000080020fc                _etext = .

.vfp11_veneer   0x00000000080020fc        0x0
 .vfp11_veneer  0x00000000080020fc        0x0 linker stubs

.v4_bx          0x00000000080020fc        0x0
 .v4_bx         0x00000000080020fc        0x0 linker stubs

.iplt           0x00000000080020fc        0x0
 .iplt          0x00000000080020fc        0x0 d:/stm32cubeide_1.10.1/stm32cubeide/plugins/com.st.stm32cube.ide.mcu.externaltools.gnu-tools-for-stm32.10.3-2021.10.win32_1.0.0.202111181127/tools/bin/../lib/gcc/arm-none-eabi/10.3.1/thumb/v7e-m+fp/hard/crtbegin.o

.rodata         0x00000000080020fc        0x8
                0x00000000080020fc                . = ALIGN (0x4)
 *(.rodata)
 *(.rodata*)
 .rodata.APBPrescTable
                0x00000000080020fc        0x8 ./Core/Src/system_stm32f4xx.o
                0x00000000080020fc                APBPrescTable
                0x0000000008002104                . = ALIGN (0x4)

.ARM.extab      0x0000000008002104        0x0
                0x0000000008002104                . = ALIGN (0x4)
 *(.ARM.extab* .gnu.linkonce.armextab.*)
                0x0000000008002104                . = ALIGN (0x4)

.ARM            0x0000000008002104        0x8
                0x0000000008002104                . = ALIGN (0x4)
                0x0000000008002104                __exidx_start = .
 *(.ARM.exidx*)
 .ARM.exidx     0x0000000008002104        0x8 d:/stm32cubeide_1.10.1/stm32cubeide/plugins/com.st.stm32cube.ide.mcu.externaltools.gnu-tools-for-stm32.10.3-2021.10.win32_1.0.0.202111181127/tools/bin/../lib/gcc/arm-none-eabi/10.3.1/thumb/v7e-m+fp/hard\libgcc.a(_udivmoddi4.o)
                0x000000000800210c                __exidx_end = .
                0x000000000800210c                . = ALIGN (0x4)

.rel.dyn        0x000000000800210c        0x0
 .rel.iplt      0x000000000800210c        0x0 d:/stm32cubeide_1.10.1/stm32cubeide/plugins/com.st.stm32cube.ide.mcu.externaltools.gnu-tools-for-stm32.10.3-2021.10.win32_1.0.0.202111181127/tools/bin/../lib/gcc/arm-none-eabi/10.3.1/thumb/v7e-m+fp/hard/crtbegin.o

.preinit_array  0x000000000800210c        0x0
                0x000000000800210c                . = ALIGN (0x4)
                0x000000000800210c                PROVIDE (__preinit_array_start = .)
 *(.preinit_array*)
                0x000000000800210c                PROVIDE (__preinit_array_end = .)
                0x000000000800210c                . = ALIGN (0x4)

.init_array     0x000000000800210c        0x4
                0x000000000800210c                . = ALIGN (0x4)
                0x000000000800210c                PROVIDE (__init_array_start = .)
 *(SORT_BY_NAME(.init_array.*))
 *(.init_array*)
 .init_array    0x000000000800210c        0x4 d:/stm32cubeide_1.10.1/stm32cubeide/plugins/com.st.stm32cube.ide.mcu.externaltools.gnu-tools-for-stm32.10.3-2021.10.win32_1.0.0.202111181127/tools/bin/../lib/gcc/arm-none-eabi/10.3.1/thumb/v7e-m+fp/hard/crtbegin.o
                0x0000000008002110                PROVIDE (__init_array_end = .)
                0x0000000008002110                . = ALIGN (0x4)

.fini_array     0x0000000008002110        0x4
                0x0000000008002110                . = ALIGN (0x4)
                [!provide]                        PROVIDE (__fini_array_start = .)
 *(SORT_BY_NAME(.fini_array.*))
 *(.fini_array*)
 .fini_array    0x0000000008002110        0x4 d:/stm32cubeide_1.10.1/stm32cubeide/plugins/com.st.stm32cube.ide.mcu.externaltools.gnu-tools-for-stm32.10.3-2021.10.win32_1.0.0.202111181127/tools/bin/../lib/gcc/arm-none-eabi/10.3.1/thumb/v7e-m+fp/hard/crtbegin.o
                [!provide]                        PROVIDE (__fini_array_end = .)
                0x0000000008002114                . = ALIGN (0x4)
                0x0000000008002114                _sidata = LOADADDR (.data)

.data           0x0000000020000000       0x18 load address 0x0000000008002114
                0x0000000020000000                . = ALIGN (0x4)
                0x0000000020000000                _sdata = .
 *(.data)
 *(.data*)
 .data.some_data
                0x0000000020000000        0xc ./Core/Src/data.o
                0x0000000020000000                some_data
 .data.SystemCoreClock
                0x000000002000000c        0x4 ./Core/Src/system_stm32f4xx.o
                0x000000002000000c                SystemCoreClock
 .data.uwTickPrio
                0x0000000020000010        0x4 ./Drivers/STM32F4xx_HAL_Driver/Src/stm32f4xx_hal.o
                0x0000000020000010                uwTickPrio
 .data.uwTickFreq
                0x0000000020000014        0x1 ./Drivers/STM32F4xx_HAL_Driver/Src/stm32f4xx_hal.o
                0x0000000020000014                uwTickFreq
 *(.RamFunc)
 *(.RamFunc*)
                0x0000000020000018                . = ALIGN (0x4)
 *fill*         0x0000000020000015        0x3 
                0x0000000020000018                _edata = .
                0x000000000800212c                _siccmram = LOADADDR (.ccmram)

.igot.plt       0x0000000020000018        0x0 load address 0x000000000800212c
 .igot.plt      0x0000000020000018        0x0 d:/stm32cubeide_1.10.1/stm32cubeide/plugins/com.st.stm32cube.ide.mcu.externaltools.gnu-tools-for-stm32.10.3-2021.10.win32_1.0.0.202111181127/tools/bin/../lib/gcc/arm-none-eabi/10.3.1/thumb/v7e-m+fp/hard/crtbegin.o

.ccmram         0x0000000010000000        0x0 load address 0x000000000800212c
                0x0000000010000000                . = ALIGN (0x4)
                0x0000000010000000                _sccmram = .
 *(.ccmram)
 *(.ccmram*)
                0x0000000010000000                . = ALIGN (0x4)
                0x0000000010000000                _eccmram = .
                0x0000000010000000                . = ALIGN (0x4)

.bss            0x0000000020000018       0x64
                0x0000000020000018                _sbss = .
                0x0000000020000018                __bss_start__ = _sbss
 *(.bss)
 .bss           0x0000000020000018       0x1c d:/stm32cubeide_1.10.1/stm32cubeide/plugins/com.st.stm32cube.ide.mcu.externaltools.gnu-tools-for-stm32.10.3-2021.10.win32_1.0.0.202111181127/tools/bin/../lib/gcc/arm-none-eabi/10.3.1/thumb/v7e-m+fp/hard/crtbegin.o
 *(.bss*)
 .bss.huart2    0x0000000020000034       0x44 ./Core/Src/main.o
                0x0000000020000034                huart2
 .bss.uwTick    0x0000000020000078        0x4 ./Drivers/STM32F4xx_HAL_Driver/Src/stm32f4xx_hal.o
                0x0000000020000078                uwTick
 *(COMMON)
                0x000000002000007c                . = ALIGN (0x4)
                0x000000002000007c                _ebss = .
                0x000000002000007c                __bss_end__ = _ebss

._user_heap_stack
                0x000000002000007c      0x604
                0x0000000020000080                . = ALIGN (0x8)
 *fill*         0x000000002000007c        0x4 
                [!provide]                        PROVIDE (end = .)
                0x0000000020000080                PROVIDE (_end = .)
                0x0000000020000280                . = (. + _Min_Heap_Size)
 *fill*         0x0000000020000080      0x200 
                0x0000000020000680                . = (. + _Min_Stack_Size)
 *fill*         0x0000000020000280      0x400 
                0x0000000020000680                . = ALIGN (0x8)

/DISCARD/
 libc.a(*)
 libm.a(*)
 libgcc.a(*)

.ARM.attributes
                0x0000000000000000       0x30
 *(.ARM.attributes)
 .ARM.attributes
                0x0000000000000000       0x1e d:/stm32cubeide_1.10.1/stm32cubeide/plugins/com.st.stm32cube.ide.mcu.externaltools.gnu-tools-for-stm32.10.3-2021.10.win32_1.0.0.202111181127/tools/bin/../lib/gcc/arm-none-eabi/10.3.1/thumb/v7e-m+fp/hard/crti.o
 .ARM.attributes
                0x000000000000001e       0x34 d:/stm32cubeide_1.10.1/stm32cubeide/plugins/com.st.stm32cube.ide.mcu.externaltools.gnu-tools-for-stm32.10.3-2021.10.win32_1.0.0.202111181127/tools/bin/../lib/gcc/arm-none-eabi/10.3.1/thumb/v7e-m+fp/hard/crtbegin.o
 .ARM.attributes
                0x0000000000000052       0x34 ./Core/Src/data.o
 .ARM.attributes
                0x0000000000000086       0x34 ./Core/Src/it.o
 .ARM.attributes
                0x00000000000000ba       0x34 ./Core/Src/main.o
 .ARM.attributes
                0x00000000000000ee       0x34 ./Core/Src/msp.o
 .ARM.attributes
                0x0000000000000122       0x34 ./Core/Src/system_stm32f4xx.o
 .ARM.attributes
                0x0000000000000156       0x21 ./Core/Startup/startup_stm32f407vgtx.o
 .ARM.attributes
                0x0000000000000177       0x34 ./Drivers/STM32F4xx_HAL_Driver/Src/stm32f4xx_hal.o
 .ARM.attributes
                0x00000000000001ab       0x34 ./Drivers/STM32F4xx_HAL_Driver/Src/stm32f4xx_hal_cortex.o
 .ARM.attributes
                0x00000000000001df       0x34 ./Drivers/STM32F4xx_HAL_Driver/Src/stm32f4xx_hal_dma.o
 .ARM.attributes
                0x0000000000000213       0x34 ./Drivers/STM32F4xx_HAL_Driver/Src/stm32f4xx_hal_gpio.o
 .ARM.attributes
                0x0000000000000247       0x34 ./Drivers/STM32F4xx_HAL_Driver/Src/stm32f4xx_hal_rcc.o
 .ARM.attributes
                0x000000000000027b       0x34 ./Drivers/STM32F4xx_HAL_Driver/Src/stm32f4xx_hal_uart.o
 .ARM.attributes
                0x00000000000002af       0x34 d:/stm32cubeide_1.10.1/stm32cubeide/plugins/com.st.stm32cube.ide.mcu.externaltools.gnu-tools-for-stm32.10.3-2021.10.win32_1.0.0.202111181127/tools/bin/../lib/gcc/arm-none-eabi/10.3.1/../../../../arm-none-eabi/lib/thumb/v7e-m+fp/hard\libc_nano.a(lib_a-init.o)
 .ARM.attributes
                0x00000000000002e3       0x17 d:/stm32cubeide_1.10.1/stm32cubeide/plugins/com.st.stm32cube.ide.mcu.externaltools.gnu-tools-for-stm32.10.3-2021.10.win32_1.0.0.202111181127/tools/bin/../lib/gcc/arm-none-eabi/10.3.1/../../../../arm-none-eabi/lib/thumb/v7e-m+fp/hard\libc_nano.a(lib_a-strlen.o)
 .ARM.attributes
                0x00000000000002fa       0x1e d:/stm32cubeide_1.10.1/stm32cubeide/plugins/com.st.stm32cube.ide.mcu.externaltools.gnu-tools-for-stm32.10.3-2021.10.win32_1.0.0.202111181127/tools/bin/../lib/gcc/arm-none-eabi/10.3.1/thumb/v7e-m+fp/hard\libgcc.a(_aeabi_uldivmod.o)
 .ARM.attributes
                0x0000000000000318       0x34 d:/stm32cubeide_1.10.1/stm32cubeide/plugins/com.st.stm32cube.ide.mcu.externaltools.gnu-tools-for-stm32.10.3-2021.10.win32_1.0.0.202111181127/tools/bin/../lib/gcc/arm-none-eabi/10.3.1/thumb/v7e-m+fp/hard\libgcc.a(_udivmoddi4.o)
 .ARM.attributes
                0x000000000000034c       0x1e d:/stm32cubeide_1.10.1/stm32cubeide/plugins/com.st.stm32cube.ide.mcu.externaltools.gnu-tools-for-stm32.10.3-2021.10.win32_1.0.0.202111181127/tools/bin/../lib/gcc/arm-none-eabi/10.3.1/thumb/v7e-m+fp/hard\libgcc.a(_dvmd_tls.o)
 .ARM.attributes
                0x000000000000036a       0x1e d:/stm32cubeide_1.10.1/stm32cubeide/plugins/com.st.stm32cube.ide.mcu.externaltools.gnu-tools-for-stm32.10.3-2021.10.win32_1.0.0.202111181127/tools/bin/../lib/gcc/arm-none-eabi/10.3.1/thumb/v7e-m+fp/hard/crtn.o
OUTPUT(STM32F407_Without_MX_WFE.elf elf32-littlearm)
LOAD linker stubs
LOAD d:/stm32cubeide_1.10.1/stm32cubeide/plugins/com.st.stm32cube.ide.mcu.externaltools.gnu-tools-for-stm32.10.3-2021.10.win32_1.0.0.202111181127/tools/bin/../lib/gcc/arm-none-eabi/10.3.1/../../../../arm-none-eabi/lib/thumb/v7e-m+fp/hard\libc.a
LOAD d:/stm32cubeide_1.10.1/stm32cubeide/plugins/com.st.stm32cube.ide.mcu.externaltools.gnu-tools-for-stm32.10.3-2021.10.win32_1.0.0.202111181127/tools/bin/../lib/gcc/arm-none-eabi/10.3.1/../../../../arm-none-eabi/lib/thumb/v7e-m+fp/hard\libm.a
LOAD d:/stm32cubeide_1.10.1/stm32cubeide/plugins/com.st.stm32cube.ide.mcu.externaltools.gnu-tools-for-stm32.10.3-2021.10.win32_1.0.0.202111181127/tools/bin/../lib/gcc/arm-none-eabi/10.3.1/thumb/v7e-m+fp/hard\libgcc.a

.debug_info     0x0000000000000000     0x8e6b
 .debug_info    0x0000000000000000       0x98 ./Core/Src/data.o
 .debug_info    0x0000000000000098      0x602 ./Core/Src/it.o
 .debug_info    0x000000000000069a      0xf1f ./Core/Src/main.o
 .debug_info    0x00000000000015b9      0xffb ./Core/Src/msp.o
 .debug_info    0x00000000000025b4      0x523 ./Core/Src/system_stm32f4xx.o
 .debug_info    0x0000000000002ad7       0x22 ./Core/Startup/startup_stm32f407vgtx.o
 .debug_info    0x0000000000002af9      0x97c ./Drivers/STM32F4xx_HAL_Driver/Src/stm32f4xx_hal.o
 .debug_info    0x0000000000003475      0xe1b ./Drivers/STM32F4xx_HAL_Driver/Src/stm32f4xx_hal_cortex.o
 .debug_info    0x0000000000004290      0x94f ./Drivers/STM32F4xx_HAL_Driver/Src/stm32f4xx_hal_dma.o
 .debug_info    0x0000000000004bdf      0x76a ./Drivers/STM32F4xx_HAL_Driver/Src/stm32f4xx_hal_gpio.o
 .debug_info    0x0000000000005349      0x966 ./Drivers/STM32F4xx_HAL_Driver/Src/stm32f4xx_hal_rcc.o
 .debug_info    0x0000000000005caf     0x31bc ./Drivers/STM32F4xx_HAL_Driver/Src/stm32f4xx_hal_uart.o

.debug_abbrev   0x0000000000000000     0x1624
 .debug_abbrev  0x0000000000000000       0x4e ./Core/Src/data.o
 .debug_abbrev  0x000000000000004e      0x174 ./Core/Src/it.o
 .debug_abbrev  0x00000000000001c2      0x28e ./Core/Src/main.o
 .debug_abbrev  0x0000000000000450      0x1cc ./Core/Src/msp.o
 .debug_abbrev  0x000000000000061c      0x116 ./Core/Src/system_stm32f4xx.o
 .debug_abbrev  0x0000000000000732       0x12 ./Core/Startup/startup_stm32f407vgtx.o
 .debug_abbrev  0x0000000000000744      0x20d ./Drivers/STM32F4xx_HAL_Driver/Src/stm32f4xx_hal.o
 .debug_abbrev  0x0000000000000951      0x316 ./Drivers/STM32F4xx_HAL_Driver/Src/stm32f4xx_hal_cortex.o
 .debug_abbrev  0x0000000000000c67      0x25b ./Drivers/STM32F4xx_HAL_Driver/Src/stm32f4xx_hal_dma.o
 .debug_abbrev  0x0000000000000ec2      0x1c4 ./Drivers/STM32F4xx_HAL_Driver/Src/stm32f4xx_hal_gpio.o
 .debug_abbrev  0x0000000000001086      0x2aa ./Drivers/STM32F4xx_HAL_Driver/Src/stm32f4xx_hal_rcc.o
 .debug_abbrev  0x0000000000001330      0x2f4 ./Drivers/STM32F4xx_HAL_Driver/Src/stm32f4xx_hal_uart.o

.debug_aranges  0x0000000000000000      0x698
 .debug_aranges
                0x0000000000000000       0x18 ./Core/Src/data.o
 .debug_aranges
                0x0000000000000018       0x30 ./Core/Src/it.o
 .debug_aranges
                0x0000000000000048       0x58 ./Core/Src/main.o
 .debug_aranges
                0x00000000000000a0       0x30 ./Core/Src/msp.o
 .debug_aranges
                0x00000000000000d0       0x28 ./Core/Src/system_stm32f4xx.o
 .debug_aranges
                0x00000000000000f8       0x28 ./Core/Startup/startup_stm32f407vgtx.o
 .debug_aranges
                0x0000000000000120       0xf0 ./Drivers/STM32F4xx_HAL_Driver/Src/stm32f4xx_hal.o
 .debug_aranges
                0x0000000000000210      0x118 ./Drivers/STM32F4xx_HAL_Driver/Src/stm32f4xx_hal_cortex.o
 .debug_aranges
                0x0000000000000328       0x90 ./Drivers/STM32F4xx_HAL_Driver/Src/stm32f4xx_hal_dma.o
 .debug_aranges
                0x00000000000003b8       0x58 ./Drivers/STM32F4xx_HAL_Driver/Src/stm32f4xx_hal_gpio.o
 .debug_aranges
                0x0000000000000410       0x88 ./Drivers/STM32F4xx_HAL_Driver/Src/stm32f4xx_hal_rcc.o
 .debug_aranges
                0x0000000000000498      0x200 ./Drivers/STM32F4xx_HAL_Driver/Src/stm32f4xx_hal_uart.o

.debug_macro    0x0000000000000000    0x20785
 .debug_macro   0x0000000000000000      0x1c9 ./Core/Src/data.o
 .debug_macro   0x00000000000001c9      0xa78 ./Core/Src/data.o
 .debug_macro   0x0000000000000c41      0x295 ./Core/Src/data.o
 .debug_macro   0x0000000000000ed6       0x2e ./Core/Src/data.o
 .debug_macro   0x0000000000000f04       0x2f ./Core/Src/data.o
 .debug_macro   0x0000000000000f33       0x22 ./Core/Src/data.o
 .debug_macro   0x0000000000000f55       0x8e ./Core/Src/data.o
 .debug_macro   0x0000000000000fe3       0x51 ./Core/Src/data.o
 .debug_macro   0x0000000000001034      0x103 ./Core/Src/data.o
 .debug_macro   0x0000000000001137       0x6a ./Core/Src/data.o
 .debug_macro   0x00000000000011a1      0x1df ./Core/Src/data.o
 .debug_macro   0x0000000000001380       0x1c ./Core/Src/data.o
 .debug_macro   0x000000000000139c       0x22 ./Core/Src/data.o
 .debug_macro   0x00000000000013be       0xd9 ./Core/Src/data.o
 .debug_macro   0x0000000000001497     0x102d ./Core/Src/data.o
 .debug_macro   0x00000000000024c4      0x11f ./Core/Src/data.o
 .debug_macro   0x00000000000025e3    0x15e82 ./Core/Src/data.o
 .debug_macro   0x0000000000018465       0x6d ./Core/Src/data.o
 .debug_macro   0x00000000000184d2     0x367e ./Core/Src/data.o
 .debug_macro   0x000000000001bb50      0x174 ./Core/Src/data.o
 .debug_macro   0x000000000001bcc4       0x5c ./Core/Src/data.o
 .debug_macro   0x000000000001bd20      0x96b ./Core/Src/data.o
 .debug_macro   0x000000000001c68b      0x9fe ./Core/Src/data.o
 .debug_macro   0x000000000001d089      0x115 ./Core/Src/data.o
 .debug_macro   0x000000000001d19e      0x13e ./Core/Src/data.o
 .debug_macro   0x000000000001d2dc       0xa5 ./Core/Src/data.o
 .debug_macro   0x000000000001d381      0x174 ./Core/Src/data.o
 .debug_macro   0x000000000001d4f5      0x287 ./Core/Src/data.o
 .debug_macro   0x000000000001d77c       0x5f ./Core/Src/data.o
 .debug_macro   0x000000000001d7db      0x236 ./Core/Src/data.o
 .debug_macro   0x000000000001da11      0x12c ./Core/Src/data.o
 .debug_macro   0x000000000001db3d      0x21e ./Core/Src/data.o
 .debug_macro   0x000000000001dd5b       0x2e ./Core/Src/data.o
 .debug_macro   0x000000000001dd89      0x11a ./Core/Src/data.o
 .debug_macro   0x000000000001dea3       0x7e ./Core/Src/data.o
 .debug_macro   0x000000000001df21       0x89 ./Core/Src/data.o
 .debug_macro   0x000000000001dfaa      0x295 ./Core/Src/data.o
 .debug_macro   0x000000000001e23f      0x12d ./Core/Src/data.o
 .debug_macro   0x000000000001e36c       0x22 ./Core/Src/data.o
 .debug_macro   0x000000000001e38e      0x1c9 ./Core/Src/it.o
 .debug_macro   0x000000000001e557      0x28b ./Core/Src/main.o
 .debug_macro   0x000000000001e7e2       0x4c ./Core/Src/main.o
 .debug_macro   0x000000000001e82e       0x1e ./Core/Src/main.o
 .debug_macro   0x000000000001e84c       0x94 ./Core/Src/main.o
 .debug_macro   0x000000000001e8e0       0x3c ./Core/Src/main.o
 .debug_macro   0x000000000001e91c       0x34 ./Core/Src/main.o
 .debug_macro   0x000000000001e950       0x16 ./Core/Src/main.o
 .debug_macro   0x000000000001e966       0x43 ./Core/Src/main.o
 .debug_macro   0x000000000001e9a9       0x57 ./Core/Src/main.o
 .debug_macro   0x000000000001ea00       0x34 ./Core/Src/main.o
 .debug_macro   0x000000000001ea34       0x10 ./Core/Src/main.o
 .debug_macro   0x000000000001ea44       0x58 ./Core/Src/main.o
 .debug_macro   0x000000000001ea9c       0x71 ./Core/Src/main.o
 .debug_macro   0x000000000001eb0d       0x1c ./Core/Src/main.o
 .debug_macro   0x000000000001eb29      0x12a ./Core/Src/main.o
 .debug_macro   0x000000000001ec53      0x341 ./Core/Src/main.o
 .debug_macro   0x000000000001ef94       0x10 ./Core/Src/main.o
 .debug_macro   0x000000000001efa4       0x35 ./Core/Src/main.o
 .debug_macro   0x000000000001efd9       0x20 ./Core/Src/main.o
 .debug_macro   0x000000000001eff9       0x56 ./Core/Src/main.o
 .debug_macro   0x000000000001f04f       0x28 ./Core/Src/main.o
 .debug_macro   0x000000000001f077      0x1e1 ./Core/Src/msp.o
 .debug_macro   0x000000000001f258      0x6e0 ./Core/Src/msp.o
 .debug_macro   0x000000000001f938       0x59 ./Core/Src/msp.o
 .debug_macro   0x000000000001f991      0x14d ./Core/Src/msp.o
 .debug_macro   0x000000000001fade      0x1ba ./Core/Src/system_stm32f4xx.o
 .debug_macro   0x000000000001fc98      0x21a ./Drivers/STM32F4xx_HAL_Driver/Src/stm32f4xx_hal.o
 .debug_macro   0x000000000001feb2      0x1ba ./Drivers/STM32F4xx_HAL_Driver/Src/stm32f4xx_hal_cortex.o
 .debug_macro   0x000000000002006c      0x1c0 ./Drivers/STM32F4xx_HAL_Driver/Src/stm32f4xx_hal_dma.o
 .debug_macro   0x000000000002022c      0x1c0 ./Drivers/STM32F4xx_HAL_Driver/Src/stm32f4xx_hal_gpio.o
 .debug_macro   0x00000000000203ec      0x1de ./Drivers/STM32F4xx_HAL_Driver/Src/stm32f4xx_hal_rcc.o
 .debug_macro   0x00000000000205ca      0x1bb ./Drivers/STM32F4xx_HAL_Driver/Src/stm32f4xx_hal_uart.o

.debug_line     0x0000000000000000     0x8acd
 .debug_line    0x0000000000000000      0x659 ./Core/Src/data.o
 .debug_line    0x0000000000000659      0x69b ./Core/Src/it.o
 .debug_line    0x0000000000000cf4      0x957 ./Core/Src/main.o
 .debug_line    0x000000000000164b      0x6f0 ./Core/Src/msp.o
 .debug_line    0x0000000000001d3b      0x700 ./Core/Src/system_stm32f4xx.o
 .debug_line    0x000000000000243b       0x88 ./Core/Startup/startup_stm32f407vgtx.o
 .debug_line    0x00000000000024c3      0x966 ./Drivers/STM32F4xx_HAL_Driver/Src/stm32f4xx_hal.o
 .debug_line    0x0000000000002e29      0xc15 ./Drivers/STM32F4xx_HAL_Driver/Src/stm32f4xx_hal_cortex.o
 .debug_line    0x0000000000003a3e      0xeca ./Drivers/STM32F4xx_HAL_Driver/Src/stm32f4xx_hal_dma.o
 .debug_line    0x0000000000004908      0xada ./Drivers/STM32F4xx_HAL_Driver/Src/stm32f4xx_hal_gpio.o
 .debug_line    0x00000000000053e2      0xce0 ./Drivers/STM32F4xx_HAL_Driver/Src/stm32f4xx_hal_rcc.o
 .debug_line    0x00000000000060c2     0x2a0b ./Drivers/STM32F4xx_HAL_Driver/Src/stm32f4xx_hal_uart.o

.debug_str      0x0000000000000000    0xc7001
 .debug_str     0x0000000000000000    0xbc420 ./Core/Src/data.o
                                      0xbc688 (size before relaxing)
 .debug_str     0x00000000000bc420      0x491 ./Core/Src/it.o
                                      0xbcb61 (size before relaxing)
 .debug_str     0x00000000000bc8b1     0x3749 ./Core/Src/main.o
                                      0xc027b (size before relaxing)
 .debug_str     0x00000000000bfffa     0x59e1 ./Core/Src/msp.o
                                      0xc2b5c (size before relaxing)
 .debug_str     0x00000000000c59db       0x87 ./Core/Src/system_stm32f4xx.o
                                      0xbc803 (size before relaxing)
 .debug_str     0x00000000000c5a62       0x36 ./Core/Startup/startup_stm32f407vgtx.o
                                         0x55 (size before relaxing)
 .debug_str     0x00000000000c5a98      0x5e7 ./Drivers/STM32F4xx_HAL_Driver/Src/stm32f4xx_hal.o
                                      0xbd387 (size before relaxing)
 .debug_str     0x00000000000c607f      0x32a ./Drivers/STM32F4xx_HAL_Driver/Src/stm32f4xx_hal_cortex.o
                                      0xbd0ba (size before relaxing)
 .debug_str     0x00000000000c63a9      0x323 ./Drivers/STM32F4xx_HAL_Driver/Src/stm32f4xx_hal_dma.o
                                      0xbcc1d (size before relaxing)
 .debug_str     0x00000000000c66cc       0xf8 ./Drivers/STM32F4xx_HAL_Driver/Src/stm32f4xx_hal_gpio.o
                                      0xbc97e (size before relaxing)
 .debug_str     0x00000000000c67c4      0x25f ./Drivers/STM32F4xx_HAL_Driver/Src/stm32f4xx_hal_rcc.o
                                      0xbcc37 (size before relaxing)
 .debug_str     0x00000000000c6a23      0x5de ./Drivers/STM32F4xx_HAL_Driver/Src/stm32f4xx_hal_uart.o
                                      0xbd1d6 (size before relaxing)

.comment        0x0000000000000000       0x50
 .comment       0x0000000000000000       0x50 ./Core/Src/data.o
                                         0x51 (size before relaxing)
 .comment       0x0000000000000050       0x51 ./Core/Src/it.o
 .comment       0x0000000000000050       0x51 ./Core/Src/main.o
 .comment       0x0000000000000050       0x51 ./Core/Src/msp.o
 .comment       0x0000000000000050       0x51 ./Core/Src/system_stm32f4xx.o
 .comment       0x0000000000000050       0x51 ./Drivers/STM32F4xx_HAL_Driver/Src/stm32f4xx_hal.o
 .comment       0x0000000000000050       0x51 ./Drivers/STM32F4xx_HAL_Driver/Src/stm32f4xx_hal_cortex.o
 .comment       0x0000000000000050       0x51 ./Drivers/STM32F4xx_HAL_Driver/Src/stm32f4xx_hal_dma.o
 .comment       0x0000000000000050       0x51 ./Drivers/STM32F4xx_HAL_Driver/Src/stm32f4xx_hal_gpio.o
 .comment       0x0000000000000050       0x51 ./Drivers/STM32F4xx_HAL_Driver/Src/stm32f4xx_hal_rcc.o
 .comment       0x0000000000000050       0x51 ./Drivers/STM32F4xx_HAL_Driver/Src/stm32f4xx_hal_uart.o

.debug_ranges   0x0000000000000000      0x608
 .debug_ranges  0x0000000000000000       0x20 ./Core/Src/it.o
 .debug_ranges  0x0000000000000020       0x48 ./Core/Src/main.o
 .debug_ranges  0x0000000000000068       0x20 ./Core/Src/msp.o
 .debug_ranges  0x0000000000000088       0x18 ./Core/Src/system_stm32f4xx.o
 .debug_ranges  0x00000000000000a0       0x20 ./Core/Startup/startup_stm32f407vgtx.o
 .debug_ranges  0x00000000000000c0       0xe0 ./Drivers/STM32F4xx_HAL_Driver/Src/stm32f4xx_hal.o
 .debug_ranges  0x00000000000001a0      0x108 ./Drivers/STM32F4xx_HAL_Driver/Src/stm32f4xx_hal_cortex.o
 .debug_ranges  0x00000000000002a8       0x80 ./Drivers/STM32F4xx_HAL_Driver/Src/stm32f4xx_hal_dma.o
 .debug_ranges  0x0000000000000328       0x48 ./Drivers/STM32F4xx_HAL_Driver/Src/stm32f4xx_hal_gpio.o
 .debug_ranges  0x0000000000000370       0x78 ./Drivers/STM32F4xx_HAL_Driver/Src/stm32f4xx_hal_rcc.o
 .debug_ranges  0x00000000000003e8      0x220 ./Drivers/STM32F4xx_HAL_Driver/Src/stm32f4xx_hal_uart.o

.debug_frame    0x0000000000000000     0x199c
 .debug_frame   0x0000000000000000       0x64 ./Core/Src/it.o
 .debug_frame   0x0000000000000064      0x118 ./Core/Src/main.o
 .debug_frame   0x000000000000017c       0x74 ./Core/Src/msp.o
 .debug_frame   0x00000000000001f0       0x58 ./Core/Src/system_stm32f4xx.o
 .debug_frame   0x0000000000000248      0x374 ./Drivers/STM32F4xx_HAL_Driver/Src/stm32f4xx_hal.o
 .debug_frame   0x00000000000005bc      0x498 ./Drivers/STM32F4xx_HAL_Driver/Src/stm32f4xx_hal_cortex.o
 .debug_frame   0x0000000000000a54      0x250 ./Drivers/STM32F4xx_HAL_Driver/Src/stm32f4xx_hal_dma.o
 .debug_frame   0x0000000000000ca4      0x14c ./Drivers/STM32F4xx_HAL_Driver/Src/stm32f4xx_hal_gpio.o
 .debug_frame   0x0000000000000df0      0x1f4 ./Drivers/STM32F4xx_HAL_Driver/Src/stm32f4xx_hal_rcc.o
 .debug_frame   0x0000000000000fe4      0x92c ./Drivers/STM32F4xx_HAL_Driver/Src/stm32f4xx_hal_uart.o
 .debug_frame   0x0000000000001910       0x2c d:/stm32cubeide_1.10.1/stm32cubeide/plugins/com.st.stm32cube.ide.mcu.externaltools.gnu-tools-for-stm32.10.3-2021.10.win32_1.0.0.202111181127/tools/bin/../lib/gcc/arm-none-eabi/10.3.1/../../../../arm-none-eabi/lib/thumb/v7e-m+fp/hard\libc_nano.a(lib_a-init.o)
 .debug_frame   0x000000000000193c       0x2c d:/stm32cubeide_1.10.1/stm32cubeide/plugins/com.st.stm32cube.ide.mcu.externaltools.gnu-tools-for-stm32.10.3-2021.10.win32_1.0.0.202111181127/tools/bin/../lib/gcc/arm-none-eabi/10.3.1/thumb/v7e-m+fp/hard\libgcc.a(_aeabi_uldivmod.o)
 .debug_frame   0x0000000000001968       0x34 d:/stm32cubeide_1.10.1/stm32cubeide/plugins/com.st.stm32cube.ide.mcu.externaltools.gnu-tools-for-stm32.10.3-2021.10.win32_1.0.0.202111181127/tools/bin/../lib/gcc/arm-none-eabi/10.3.1/thumb/v7e-m+fp/hard\libgcc.a(_udivmoddi4.o)
